// Jest Snapshot v1, https://goo.gl/fbAQLP

exports[`print default snek 1`] = `
"csegment [ '⠁', '⠃', '⠇', '⠧' ]
move right
segment [ '⠄', '⠤', '⠴', '⠼' ]
move right
segment [ '⠁', '⠉' ]
move right
[0m"
`;

exports[`print help 1`] = `
"snek version 0.1.0
usage: snek
       snek tiny
       snek tall
[0m[?1000l[?1002l[?1003l[?1004l"
`;

exports[`print tall snek 1`] = `
"csegment [ '⠁', '⠃', '⠇', '⡇' ]
move down
segment [ '⠁', '⠃', '⠇', '⡇', '⣇' ]
move right
segment [ '⢀', '⣀' ]
move right
segment [ '⡀', '⢠', '⢰', '⢸' ]
move up
segment [ '⡀', '⢠', '⢰', '⢸', '⡏' ]
move right
segment [ '⠁', '⠉' ]
move right
[0m"
`;

exports[`print tiny snek 1`] = `
"csegment [ '⠁', '⠃', '⠇', '⠧' ]
move right
segment [ '⠄', '⠤', '⠴', '⠼' ]
move right
segment [ '⠁', '⠉' ]
move right
[0m"
`;
